interactions:
- request:
    body: html_id=2bd58bc02ba2b9dc0ad9
    headers:
      Accept:
      - '*/*'
      Accept-Encoding:
      - gzip, deflate
      Connection:
      - keep-alive
      Content-Length:
      - '28'
      Content-Type:
      - application/x-www-form-urlencoded
      User-Agent:
      - python-requests/2.22.0
    method: POST
    uri: http://pulp_puppeteer_1:4000/api/print
  response:
    body:
      string: '{"pages":6,"html_id":"2bd58bc02ba2b9dc0ad9"}'
    headers:
      Connection:
      - keep-alive
      Content-Length:
      - '44'
      Content-Type:
      - application/json; charset=utf-8
      Date:
      - Thu, 19 Mar 2020 09:44:26 GMT
      ETag:
      - W/"2c-BR9avD6oyw3qfvdmXm7YYgzcdXE"
      X-Powered-By:
      - Express
    status:
      code: 200
      message: OK
- request:
    body: html_id=29141e3202663953c34d
    headers:
      Accept:
      - '*/*'
      Accept-Encoding:
      - gzip, deflate
      Connection:
      - keep-alive
      Content-Length:
      - '28'
      Content-Type:
      - application/x-www-form-urlencoded
      User-Agent:
      - python-requests/2.22.0
    method: POST
    uri: http://pulp_puppeteer_1:4000/api/print
  response:
    body:
      string: '{"pages":7,"html_id":"29141e3202663953c34d"}'
    headers:
      Connection:
      - keep-alive
      Content-Length:
      - '44'
      Content-Type:
      - application/json; charset=utf-8
      Date:
      - Thu, 19 Mar 2020 09:44:35 GMT
      ETag:
      - W/"2c-JNmhquxyqy3pO39Ct8uK4ZFIvOI"
      X-Powered-By:
      - Express
    status:
      code: 200
      message: OK
- request:
    body: html_id=e26c119ffbb71de0efdf
    headers:
      Accept:
      - '*/*'
      Accept-Encoding:
      - gzip, deflate
      Connection:
      - keep-alive
      Content-Length:
      - '28'
      Content-Type:
      - application/x-www-form-urlencoded
      User-Agent:
      - python-requests/2.22.0
    method: POST
    uri: http://pulp_puppeteer_1:4000/api/print
  response:
    body:
      string: '{"pages":4,"html_id":"e26c119ffbb71de0efdf"}'
    headers:
      Connection:
      - keep-alive
      Content-Length:
      - '44'
      Content-Type:
      - application/json; charset=utf-8
      Date:
      - Thu, 19 Mar 2020 09:44:40 GMT
      ETag:
      - W/"2c-qLP/0Vl1OuPQK6CCECtNg9aggVE"
      X-Powered-By:
      - Express
    status:
      code: 200
      message: OK
version: 1
